#! /ucrt64/bin/vvp
:ivl_version "13.0 (stable)" "(v13_0)";
:ivl_delay_selection "TYPICAL";
:vpi_time_precision - 12;
:vpi_module "C:\msys64\ucrt64\lib\ivl\system.vpi";
:vpi_module "C:\msys64\ucrt64\lib\ivl\vhdl_sys.vpi";
:vpi_module "C:\msys64\ucrt64\lib\ivl\vhdl_textio.vpi";
:vpi_module "C:\msys64\ucrt64\lib\ivl\v2005_math.vpi";
:vpi_module "C:\msys64\ucrt64\lib\ivl\va_math.vpi";
S_0000025643b45740 .scope module, "tb_smart_traffic_controller" "tb_smart_traffic_controller" 2 3;
 .timescale -9 -12;
v0000025643b62f90_0 .var "clk", 0 0;
v0000025643b63030_0 .net "main_light", 2 0, v0000025643b62950_0;  1 drivers
v0000025643b63170_0 .var "ped_request", 0 0;
v0000025643b633f0_0 .net "ped_walk", 0 0, v0000025643b63210_0;  1 drivers
v0000025643b63490_0 .var "rst", 0 0;
v0000025643b626d0_0 .var "school_zone", 0 0;
v0000025643b62810_0 .net "side_light", 2 0, v0000025643b62db0_0;  1 drivers
v0000025643bb6cc0_0 .net "speed_warning", 0 0, v0000025643b62ef0_0;  1 drivers
S_0000025643b43200 .scope module, "uut" "smart_traffic_controller" 2 15, 3 4 0, S_0000025643b45740;
 .timescale 0 0;
    .port_info 0 /INPUT 1 "clk";
    .port_info 1 /INPUT 1 "rst";
    .port_info 2 /INPUT 1 "ped_request";
    .port_info 3 /INPUT 1 "school_zone";
    .port_info 4 /OUTPUT 3 "main_light";
    .port_info 5 /OUTPUT 3 "side_light";
    .port_info 6 /OUTPUT 1 "ped_walk";
    .port_info 7 /OUTPUT 1 "speed_warning";
P_0000025643b445f0 .param/l "LIGHT_GREEN" 1 3 23, C4<100>;
P_0000025643b44628 .param/l "LIGHT_RED" 1 3 25, C4<001>;
P_0000025643b44660 .param/l "LIGHT_YELLOW" 1 3 24, C4<010>;
P_0000025643b44698 .param/l "S_MAIN_GREEN" 1 3 16, C4<000>;
P_0000025643b446d0 .param/l "S_MAIN_YELLOW" 1 3 17, C4<001>;
P_0000025643b44708 .param/l "S_PED_WALK" 1 3 18, C4<010>;
P_0000025643b44740 .param/l "S_SIDE_GREEN" 1 3 19, C4<011>;
P_0000025643b44778 .param/l "S_SIDE_YELLOW" 1 3 20, C4<100>;
P_0000025643b447b0 .param/l "TIME_MAIN_GREEN" 1 3 28, +C4<00000000000000000000000000000101>;
P_0000025643b447e8 .param/l "TIME_MAIN_YELLOW" 1 3 29, +C4<00000000000000000000000000000010>;
P_0000025643b44820 .param/l "TIME_PED_NORMAL" 1 3 30, +C4<00000000000000000000000000000100>;
P_0000025643b44858 .param/l "TIME_PED_SCHOOL" 1 3 31, +C4<00000000000000000000000000001000>;
P_0000025643b44890 .param/l "TIME_SIDE_GREEN" 1 3 32, +C4<00000000000000000000000000000011>;
P_0000025643b448c8 .param/l "TIME_SIDE_YELLOW" 1 3 33, +C4<00000000000000000000000000000010>;
v0000025643b62590_0 .net "clk", 0 0, v0000025643b62f90_0;  1 drivers
v0000025643b62770_0 .var "current_state", 2 0;
v0000025643b62950_0 .var "main_light", 2 0;
v0000025643b62e50_0 .var "next_state", 2 0;
v0000025643b62bd0_0 .var "ped_latched", 0 0;
v0000025643b62b30_0 .net "ped_request", 0 0, v0000025643b63170_0;  1 drivers
v0000025643b63210_0 .var "ped_walk", 0 0;
v0000025643b62a90_0 .net "rst", 0 0, v0000025643b63490_0;  1 drivers
v0000025643b62c70_0 .net "school_zone", 0 0, v0000025643b626d0_0;  1 drivers
v0000025643b62db0_0 .var "side_light", 2 0;
v0000025643b62ef0_0 .var "speed_warning", 0 0;
v0000025643b632b0_0 .var "timer", 3 0;
E_0000025643b44430 .event anyedge, v0000025643b62c70_0, v0000025643b62770_0;
E_0000025643b43670/0 .event anyedge, v0000025643b62770_0, v0000025643b632b0_0, v0000025643b62bd0_0, v0000025643b62b30_0;
E_0000025643b43670/1 .event anyedge, v0000025643b62c70_0;
E_0000025643b43670 .event/or E_0000025643b43670/0, E_0000025643b43670/1;
E_0000025643b43b30 .event posedge, v0000025643b62a90_0, v0000025643b62590_0;
    .scope S_0000025643b43200;
T_0 ;
    %wait E_0000025643b43b30;
    %load/vec4 v0000025643b62a90_0;
    %flag_set/vec4 8;
    %jmp/0xz  T_0.0, 8;
    %pushi/vec4 0, 0, 1;
    %assign/vec4 v0000025643b62bd0_0, 0;
    %jmp T_0.1;
T_0.0 ;
    %load/vec4 v0000025643b62b30_0;
    %flag_set/vec4 8;
    %jmp/0xz  T_0.2, 8;
    %pushi/vec4 1, 0, 1;
    %assign/vec4 v0000025643b62bd0_0, 0;
    %jmp T_0.3;
T_0.2 ;
    %load/vec4 v0000025643b62770_0;
    %cmpi/e 2, 0, 3;
    %jmp/0xz  T_0.4, 4;
    %pushi/vec4 0, 0, 1;
    %assign/vec4 v0000025643b62bd0_0, 0;
T_0.4 ;
T_0.3 ;
T_0.1 ;
    %jmp T_0;
    .thread T_0;
    .scope S_0000025643b43200;
T_1 ;
    %wait E_0000025643b43b30;
    %load/vec4 v0000025643b62a90_0;
    %flag_set/vec4 8;
    %jmp/0xz  T_1.0, 8;
    %pushi/vec4 0, 0, 3;
    %assign/vec4 v0000025643b62770_0, 0;
    %pushi/vec4 0, 0, 4;
    %assign/vec4 v0000025643b632b0_0, 0;
    %jmp T_1.1;
T_1.0 ;
    %load/vec4 v0000025643b62770_0;
    %load/vec4 v0000025643b62e50_0;
    %cmp/ne;
    %jmp/0xz  T_1.2, 4;
    %load/vec4 v0000025643b62e50_0;
    %assign/vec4 v0000025643b62770_0, 0;
    %pushi/vec4 0, 0, 4;
    %assign/vec4 v0000025643b632b0_0, 0;
    %jmp T_1.3;
T_1.2 ;
    %load/vec4 v0000025643b632b0_0;
    %addi 1, 0, 4;
    %assign/vec4 v0000025643b632b0_0, 0;
T_1.3 ;
T_1.1 ;
    %jmp T_1;
    .thread T_1;
    .scope S_0000025643b43200;
T_2 ;
    %wait E_0000025643b43670;
    %load/vec4 v0000025643b62770_0;
    %store/vec4 v0000025643b62e50_0, 0, 3;
    %load/vec4 v0000025643b62770_0;
    %dup/vec4;
    %pushi/vec4 0, 0, 3;
    %cmp/u;
    %jmp/1 T_2.0, 6;
    %dup/vec4;
    %pushi/vec4 1, 0, 3;
    %cmp/u;
    %jmp/1 T_2.1, 6;
    %dup/vec4;
    %pushi/vec4 2, 0, 3;
    %cmp/u;
    %jmp/1 T_2.2, 6;
    %dup/vec4;
    %pushi/vec4 3, 0, 3;
    %cmp/u;
    %jmp/1 T_2.3, 6;
    %dup/vec4;
    %pushi/vec4 4, 0, 3;
    %cmp/u;
    %jmp/1 T_2.4, 6;
    %pushi/vec4 0, 0, 3;
    %store/vec4 v0000025643b62e50_0, 0, 3;
    %jmp T_2.6;
T_2.0 ;
    %load/vec4 v0000025643b632b0_0;
    %pad/u 32;
    %cmpi/u 4, 0, 32;
    %flag_inv 5; GE is !LT
    %jmp/1 T_2.10, 5;
    %flag_mov 8, 5;
    %load/vec4 v0000025643b62bd0_0;
    %flag_set/vec4 9;
    %flag_or 9, 8;
    %flag_mov 5, 9;
T_2.10;
    %jmp/1 T_2.9, 5;
    %flag_mov 8, 5;
    %load/vec4 v0000025643b62b30_0;
    %flag_set/vec4 9;
    %flag_or 9, 8;
    %flag_mov 5, 9;
T_2.9;
    %jmp/0xz  T_2.7, 5;
    %pushi/vec4 1, 0, 3;
    %store/vec4 v0000025643b62e50_0, 0, 3;
T_2.7 ;
    %jmp T_2.6;
T_2.1 ;
    %load/vec4 v0000025643b632b0_0;
    %pad/u 32;
    %cmpi/u 1, 0, 32;
    %flag_inv 5; GE is !LT
    %jmp/0xz  T_2.11, 5;
    %load/vec4 v0000025643b62bd0_0;
    %flag_set/vec4 8;
    %jmp/1 T_2.15, 8;
    %load/vec4 v0000025643b62b30_0;
    %flag_set/vec4 9;
    %flag_or 8, 9;
T_2.15;
    %jmp/0xz  T_2.13, 8;
    %pushi/vec4 2, 0, 3;
    %store/vec4 v0000025643b62e50_0, 0, 3;
    %jmp T_2.14;
T_2.13 ;
    %pushi/vec4 3, 0, 3;
    %store/vec4 v0000025643b62e50_0, 0, 3;
T_2.14 ;
T_2.11 ;
    %jmp T_2.6;
T_2.2 ;
    %load/vec4 v0000025643b62c70_0;
    %flag_set/vec4 8;
    %jmp/0xz  T_2.16, 8;
    %load/vec4 v0000025643b632b0_0;
    %pad/u 32;
    %cmpi/u 7, 0, 32;
    %flag_inv 5; GE is !LT
    %jmp/0xz  T_2.18, 5;
    %pushi/vec4 3, 0, 3;
    %store/vec4 v0000025643b62e50_0, 0, 3;
T_2.18 ;
    %jmp T_2.17;
T_2.16 ;
    %load/vec4 v0000025643b632b0_0;
    %pad/u 32;
    %cmpi/u 3, 0, 32;
    %flag_inv 5; GE is !LT
    %jmp/0xz  T_2.20, 5;
    %pushi/vec4 3, 0, 3;
    %store/vec4 v0000025643b62e50_0, 0, 3;
T_2.20 ;
T_2.17 ;
    %jmp T_2.6;
T_2.3 ;
    %load/vec4 v0000025643b632b0_0;
    %pad/u 32;
    %cmpi/u 2, 0, 32;
    %flag_inv 5; GE is !LT
    %jmp/0xz  T_2.22, 5;
    %pushi/vec4 4, 0, 3;
    %store/vec4 v0000025643b62e50_0, 0, 3;
T_2.22 ;
    %jmp T_2.6;
T_2.4 ;
    %load/vec4 v0000025643b632b0_0;
    %pad/u 32;
    %cmpi/u 1, 0, 32;
    %flag_inv 5; GE is !LT
    %jmp/0xz  T_2.24, 5;
    %pushi/vec4 0, 0, 3;
    %store/vec4 v0000025643b62e50_0, 0, 3;
T_2.24 ;
    %jmp T_2.6;
T_2.6 ;
    %pop/vec4 1;
    %jmp T_2;
    .thread T_2, $push;
    .scope S_0000025643b43200;
T_3 ;
    %wait E_0000025643b44430;
    %pushi/vec4 1, 0, 3;
    %store/vec4 v0000025643b62950_0, 0, 3;
    %pushi/vec4 1, 0, 3;
    %store/vec4 v0000025643b62db0_0, 0, 3;
    %pushi/vec4 0, 0, 1;
    %store/vec4 v0000025643b63210_0, 0, 1;
    %load/vec4 v0000025643b62c70_0;
    %store/vec4 v0000025643b62ef0_0, 0, 1;
    %load/vec4 v0000025643b62770_0;
    %dup/vec4;
    %pushi/vec4 0, 0, 3;
    %cmp/u;
    %jmp/1 T_3.0, 6;
    %dup/vec4;
    %pushi/vec4 1, 0, 3;
    %cmp/u;
    %jmp/1 T_3.1, 6;
    %dup/vec4;
    %pushi/vec4 2, 0, 3;
    %cmp/u;
    %jmp/1 T_3.2, 6;
    %dup/vec4;
    %pushi/vec4 3, 0, 3;
    %cmp/u;
    %jmp/1 T_3.3, 6;
    %dup/vec4;
    %pushi/vec4 4, 0, 3;
    %cmp/u;
    %jmp/1 T_3.4, 6;
    %jmp T_3.5;
T_3.0 ;
    %pushi/vec4 4, 0, 3;
    %store/vec4 v0000025643b62950_0, 0, 3;
    %pushi/vec4 1, 0, 3;
    %store/vec4 v0000025643b62db0_0, 0, 3;
    %pushi/vec4 0, 0, 1;
    %store/vec4 v0000025643b63210_0, 0, 1;
    %jmp T_3.5;
T_3.1 ;
    %pushi/vec4 2, 0, 3;
    %store/vec4 v0000025643b62950_0, 0, 3;
    %pushi/vec4 1, 0, 3;
    %store/vec4 v0000025643b62db0_0, 0, 3;
    %pushi/vec4 0, 0, 1;
    %store/vec4 v0000025643b63210_0, 0, 1;
    %jmp T_3.5;
T_3.2 ;
    %pushi/vec4 1, 0, 3;
    %store/vec4 v0000025643b62950_0, 0, 3;
    %pushi/vec4 1, 0, 3;
    %store/vec4 v0000025643b62db0_0, 0, 3;
    %pushi/vec4 1, 0, 1;
    %store/vec4 v0000025643b63210_0, 0, 1;
    %jmp T_3.5;
T_3.3 ;
    %pushi/vec4 1, 0, 3;
    %store/vec4 v0000025643b62950_0, 0, 3;
    %pushi/vec4 4, 0, 3;
    %store/vec4 v0000025643b62db0_0, 0, 3;
    %pushi/vec4 0, 0, 1;
    %store/vec4 v0000025643b63210_0, 0, 1;
    %jmp T_3.5;
T_3.4 ;
    %pushi/vec4 1, 0, 3;
    %store/vec4 v0000025643b62950_0, 0, 3;
    %pushi/vec4 2, 0, 3;
    %store/vec4 v0000025643b62db0_0, 0, 3;
    %pushi/vec4 0, 0, 1;
    %store/vec4 v0000025643b63210_0, 0, 1;
    %jmp T_3.5;
T_3.5 ;
    %pop/vec4 1;
    %jmp T_3;
    .thread T_3, $push;
    .scope S_0000025643b45740;
T_4 ;
    %delay 5000, 0;
    %load/vec4 v0000025643b62f90_0;
    %inv;
    %store/vec4 v0000025643b62f90_0, 0, 1;
    %jmp T_4;
    .thread T_4;
    .scope S_0000025643b45740;
T_5 ;
    %vpi_call 2 30 "$dumpfile", "traffic_sim.vcd" {0 0 0};
    %vpi_call 2 31 "$dumpvars", 32'sb00000000000000000000000000000000, S_0000025643b45740 {0 0 0};
    %pushi/vec4 0, 0, 1;
    %store/vec4 v0000025643b62f90_0, 0, 1;
    %pushi/vec4 0, 0, 1;
    %store/vec4 v0000025643b63490_0, 0, 1;
    %pushi/vec4 0, 0, 1;
    %store/vec4 v0000025643b63170_0, 0, 1;
    %pushi/vec4 0, 0, 1;
    %store/vec4 v0000025643b626d0_0, 0, 1;
    %vpi_call 2 39 "$display", "=== TC1: System Reset ===" {0 0 0};
    %delay 2000, 0;
    %pushi/vec4 1, 0, 1;
    %store/vec4 v0000025643b63490_0, 0, 1;
    %delay 10000, 0;
    %pushi/vec4 0, 0, 1;
    %store/vec4 v0000025643b63490_0, 0, 1;
    %vpi_call 2 44 "$display", "=== TC2: Standard Cycle ===" {0 0 0};
    %delay 160000, 0;
    %vpi_call 2 48 "$display", "=== TC3: Pedestrian Request (Standard Mode) ===" {0 0 0};
    %delay 10000, 0;
    %pushi/vec4 1, 0, 1;
    %store/vec4 v0000025643b63170_0, 0, 1;
    %delay 10000, 0;
    %pushi/vec4 0, 0, 1;
    %store/vec4 v0000025643b63170_0, 0, 1;
    %delay 100000, 0;
    %vpi_call 2 54 "$display", "=== TC4: Activating School Zone Mode ===" {0 0 0};
    %pushi/vec4 1, 0, 1;
    %store/vec4 v0000025643b626d0_0, 0, 1;
    %delay 20000, 0;
    %pushi/vec4 1, 0, 1;
    %store/vec4 v0000025643b63170_0, 0, 1;
    %delay 10000, 0;
    %pushi/vec4 0, 0, 1;
    %store/vec4 v0000025643b63170_0, 0, 1;
    %delay 160000, 0;
    %vpi_call 2 62 "$display", "=== TC5: Edge Case - Reset during Active Pedestrian Phase ===" {0 0 0};
    %delay 10000, 0;
    %pushi/vec4 1, 0, 1;
    %store/vec4 v0000025643b63170_0, 0, 1;
    %delay 10000, 0;
    %pushi/vec4 0, 0, 1;
    %store/vec4 v0000025643b63170_0, 0, 1;
    %delay 25000, 0;
    %pushi/vec4 1, 0, 1;
    %store/vec4 v0000025643b63490_0, 0, 1;
    %delay 10000, 0;
    %pushi/vec4 0, 0, 1;
    %store/vec4 v0000025643b63490_0, 0, 1;
    %delay 60000, 0;
    %vpi_call 2 70 "$display", "=== Simulation Finished ===" {0 0 0};
    %vpi_call 2 71 "$finish" {0 0 0};
    %end;
    .thread T_5;
    .scope S_0000025643b45740;
T_6 ;
    %vpi_call 2 75 "$monitor", "[Time %0t ns] State: Main=%b | Side=%b | Ped_Walk=%b | SchoolZone=%b | Warning=%b", $time, v0000025643b63030_0, v0000025643b62810_0, v0000025643b633f0_0, v0000025643b626d0_0, v0000025643bb6cc0_0 {0 0 0};
    %end;
    .thread T_6;
# The file index is used to find the file name in the following table.
:file_names 4;
    "N/A";
    "<interactive>";
    "tb_smart_traffic_controller.v";
    "smart_traffic_controller.v";
